Copyright 1986-2018 Xilinx, Inc. All Rights Reserved.
------------------------------------------------------------------------------------------
| Tool Version : Vivado v.2018.2 (win64) Build 2258646 Thu Jun 14 20:03:12 MDT 2018
| Date         : Wed Jul 20 01:39:31 2022
| Host         : DAN-PC running 64-bit major release  (build 9200)
| Command      : report_control_sets -verbose -file Nanoprocessor_control_sets_placed.rpt
| Design       : Nanoprocessor
| Device       : xc7a35t
------------------------------------------------------------------------------------------

Control Set Information

Table of Contents
-----------------
1. Summary
2. Histogram
3. Flip-Flop Distribution
4. Detailed Control Set Information

1. Summary
----------

+----------------------------------------------------------+-------+
|                          Status                          | Count |
+----------------------------------------------------------+-------+
| Number of unique control sets                            |    11 |
| Unused register locations in slices containing registers |    40 |
+----------------------------------------------------------+-------+


2. Histogram
------------

+--------+--------------+
| Fanout | Control Sets |
+--------+--------------+
|      2 |            5 |
|      6 |            1 |
|      8 |            3 |
|    16+ |            2 |
+--------+--------------+


3. Flip-Flop Distribution
-------------------------

+--------------+-----------------------+------------------------+-----------------+--------------+
| Clock Enable | Synchronous Set/Reset | Asynchronous Set/Reset | Total Registers | Total Slices |
+--------------+-----------------------+------------------------+-----------------+--------------+
| No           | No                    | No                     |              20 |            5 |
| No           | No                    | Yes                    |              10 |            3 |
| No           | Yes                   | No                     |               2 |            1 |
| Yes          | No                    | No                     |               0 |            0 |
| Yes          | No                    | Yes                    |              26 |            4 |
| Yes          | Yes                   | No                     |              62 |            8 |
+--------------+-----------------------+------------------------+-----------------+--------------+


4. Detailed Control Set Information
-----------------------------------

+-------------------------------------+---------------------------------+------------------------------------+------------------+----------------+
|             Clock Signal            |          Enable Signal          |          Set/Reset Signal          | Slice Load Count | Bel Load Count |
+-------------------------------------+---------------------------------+------------------------------------+------------------+----------------+
|  Slow_Clock/Clk_out_reg_LDC_i_1_n_0 |                                 | Slow_Clock/Clk_out_reg_LDC_i_2_n_0 |                1 |              2 |
|  Clk_IBUF_BUFG                      |                                 |                                    |                1 |              2 |
|  Clk_IBUF_BUFG                      |                                 | Slow_Clock/Clk_out_reg_LDC_i_2_n_0 |                1 |              2 |
|  Clk_IBUF_BUFG                      |                                 | Reset_IBUF                         |                1 |              2 |
|  Clk_IBUF_BUFG                      | Slow_Clock/clk_status           | Slow_Clock/Clk_out_reg_LDC_i_1_n_0 |                1 |              2 |
|  Slow_Clock/CLK                     |                                 | Reset_IBUF                         |                1 |              6 |
|  Slow_Clock/CLK                     | I_Decoder/Inst_Reg_12/Reg_En[0] | Reset_IBUF                         |                1 |              8 |
|  Slow_Clock/CLK                     | I_Decoder/Inst_Reg_12/E[0]      | Reset_IBUF                         |                1 |              8 |
|  Slow_Clock/CLK                     | I_Decoder/Inst_Reg_12/Reg_En[1] | Reset_IBUF                         |                1 |              8 |
| ~Slow_Clock/CLK                     |                                 |                                    |                4 |             18 |
|  Clk_IBUF_BUFG                      | Slow_Clock/p_0_in               | Slow_Clock/count[31]_i_1_n_0       |                8 |             62 |
+-------------------------------------+---------------------------------+------------------------------------+------------------+----------------+


